EN four_bitadder NULL /home/muriki/ufpr/MIPS-8bit-Processor/Components/four_bitAdder.vhd sub00/vhpl02 1663639895
AR memrom behavioral /home/muriki/ufpr/MIPS-8bit-Processor/Components/MemRom.vhd sub00/vhpl11 1663638917
EN display NULL /home/muriki/ufpr/MIPS-8bit-Processor/Components/display.vhd sub00/vhpl04 1663639897
AR bankregister behavior /home/muriki/ufpr/MIPS-8bit-Processor/Components/RegBank.vhd sub00/vhpl13 1663639906
AR display comportamento /home/muriki/ufpr/MIPS-8bit-Processor/Components/display.vhd sub00/vhpl05 1663639898
AR ula comportamento /home/muriki/ufpr/MIPS-8bit-Processor/Components/ULA.vhd sub00/vhpl15 1663639908
EN micow NULL /home/muriki/ufpr/MIPS-8bit-Processor/Components/main.vhd sub00/vhpl20 1663639913
EN fulladder NULL /home/muriki/ufpr/MIPS-8bit-Processor/Components/fullAdder.vhd sub00/vhpl00 1663639893
AR micow behavior /home/muriki/ufpr/MIPS-8bit-Processor/Components/main.vhd sub00/vhpl21 1663639914
AR pc behavior /home/muriki/ufpr/MIPS-8bit-Processor/Micow/Micow/PC.vhd sub00/vhpl09 1663639902
EN memram NULL /home/muriki/ufpr/MIPS-8bit-Processor/Components/MemRam.vhd sub00/vhpl16 1663639909
EN pc NULL /home/muriki/ufpr/MIPS-8bit-Processor/Micow/Micow/PC.vhd sub00/vhpl08 1663639901
EN ula NULL /home/muriki/ufpr/MIPS-8bit-Processor/Components/ULA.vhd sub00/vhpl14 1663639907
EN clockdiv NULL /home/muriki/ufpr/MIPS-8bit-Processor/Components/divClock.vhd sub00/vhpl06 1663639899
AR unitcontrol behavior /home/muriki/ufpr/MIPS-8bit-Processor/Components/UnitControl.vhd sub00/vhpl19 1663639912
AR memram behavior /home/muriki/ufpr/MIPS-8bit-Processor/Components/MemRam.vhd sub00/vhpl17 1663639910
AR clockdiv behavior /home/muriki/ufpr/MIPS-8bit-Processor/Components/divClock.vhd sub00/vhpl07 1663639900
EN bankregister NULL /home/muriki/ufpr/MIPS-8bit-Processor/Components/RegBank.vhd sub00/vhpl12 1663639905
EN memrom NULL /home/muriki/ufpr/MIPS-8bit-Processor/Components/MemRom.vhd sub00/vhpl10 1663639903
EN unitcontrol NULL /home/muriki/ufpr/MIPS-8bit-Processor/Components/UnitControl.vhd sub00/vhpl18 1663639911
AR memrom behavior /home/muriki/ufpr/MIPS-8bit-Processor/Components/MemRom.vhd sub00/vhpl22 1663639904
AR four_bitadder behavior /home/muriki/ufpr/MIPS-8bit-Processor/Components/four_bitAdder.vhd sub00/vhpl03 1663639896
AR fulladder comportamento /home/muriki/ufpr/MIPS-8bit-Processor/Components/fullAdder.vhd sub00/vhpl01 1663639894
